// Jest Snapshot v1, https://goo.gl/fbAQLP

exports[`CardList class tests render() should return the correct html to div element 1`] = `"<div data-index=\\"0\\" class=\\"card\\"><img src=\\"assets/0.png\\"></div><div data-index=\\"1\\" class=\\"card\\"><img src=\\"assets/0.png\\"></div><div data-index=\\"2\\" class=\\"card\\"><img src=\\"assets/0.png\\"></div><div data-index=\\"3\\" class=\\"card\\"><img src=\\"assets/0.png\\"></div>"`;
